
[1m[46m RUN [49m[22m [36mv4.0.18 [39m[90mC:/Users/Josh/Documents/0000000000-MyApps/Neural_Nexus/NeuralNexus_universal[39m

 [32mΓ£ô[39m tests/config.test.ts[2m > [22mconfig[2m > [22mprovides default values for empty input[32m 2[2mms[22m[39m
 [32mΓ£ô[39m tests/config.test.ts[2m > [22mconfig[2m > [22mrespects values from input[32m 1[2mms[22m[39m
 [32mΓ£ô[39m tests/config.test.ts[2m > [22mconfig[2m > [22mresolves environment variables[32m 1[2mms[22m[39m
 [32mΓ£ô[39m tests/config.test.ts[2m > [22mconfig[2m > [22muses empty string for missing environment variables[32m 1[2mms[22m[39m
 [32mΓ£ô[39m tests/types_validation.test.ts[2m > [22mCore Types Validation[2m > [22mshould allow valid memory categories[32m 2[2mms[22m[39m
 [32mΓ£ô[39m tests/DecayEngine.test.ts[2m > [22mDecayEngine[2m > [22mreturns original score * strength when lambda is 0[32m 2[2mms[22m[39m
 [32mΓ£ô[39m tests/DecayEngine.test.ts[2m > [22mDecayEngine[2m > [22mapplies exponential decay when lambda > 0[32m 0[2mms[22m[39m
 [32mΓ£ô[39m tests/DecayEngine.test.ts[2m > [22mDecayEngine[2m > [22muses default strength of 1 if not provided[32m 0[2mms[22m[39m
 [32mΓ£ô[39m tests/DecayEngine.test.ts[2m > [22mDecayEngine[2m > [22mdecays more over longer time[32m 0[2mms[22m[39m
 [32mΓ£ô[39m tests/ReplacementAuditService.test.ts[2m > [22mReplacementAuditService (Real SQLite Integration)[2m > [22mactually stores and retrieves logs from a real database[32m 19[2mms[22m[39m
 [32mΓ£ô[39m tests/ReplacementAuditService.test.ts[2m > [22mReplacementAuditService (Real SQLite Integration)[2m > [22mrespects the limit parameter in getLogs[32m 37[2mms[22m[39m
 [32mΓ£ô[39m tests/safeguards_v2.test.ts[2m > [22mSafeguard Suite (Regression Prevention)[2m > [22mRRF Score Scale Integrity[2m > [22mverifies RRF scores fall within a range compatible with RECALL_THRESHOLD (0.01)[32m 10[2mms[22m[39m
 [32mΓ£ô[39m tests/safeguards_v2.test.ts[2m > [22mSafeguard Suite (Regression Prevention)[2m > [22mSemantic Confidence Preservation[2m > [22mpreserves original cosine similarity in metadata even after RRF[32m 0[2mms[22m[39m
 [32mΓ£ô[39m tests/StorageService.test.ts[2m > [22mStorageService[2m > [22mcreates collection if it does not exist during initialization[32m 13[2mms[22m[39m
 [32mΓ£ô[39m tests/StorageService.test.ts[2m > [22mStorageService[2m > [22mdoes not create collection if it already exists during initialization[32m 1[2mms[22m[39m
 [32mΓ£ô[39m tests/StorageService.test.ts[2m > [22mStorageService[2m > [22mupserts a point to storage[32m 1[2mms[22m[39m
 [32mΓ£ô[39m tests/StorageService.test.ts[2m > [22mStorageService[2m > [22msearches for points (vector only)[32m 2[2mms[22m[39m
 [32mΓ£ô[39m tests/StorageService.test.ts[2m > [22mStorageService[2m > [22msearches with userid filter (vector only)[32m 1[2mms[22m[39m
 [32mΓ£ô[39m tests/StorageService.test.ts[2m > [22mStorageService[2m > [22mperforms keyword search when query is provided and merges results[32m 2[2mms[22m[39m
 [32mΓ£ô[39m tests/StorageService.test.ts[2m > [22mStorageService[2m > [22msorts keyword search results by local term frequency[32m 1[2mms[22m[39m
 [32mΓ£ô[39m tests/StorageService.test.ts[2m > [22mStorageService[2m > [22mapplies userid filter to keyword search[32m 1[2mms[22m[39m
 [32mΓ£ô[39m tests/StorageService.test.ts[2m > [22mStorageService[2m > [22mupdates payload[32m 1[2mms[22m[39m
 [32mΓ£ô[39m tests/StorageService.test.ts[2m > [22mStorageService[2m > [22mupdates access time[32m 2[2mms[22m[39m
 [32mΓ£ô[39m tests/EmbeddingService.test.ts[2m > [22mEmbeddingService[2m > [22mthrows error if createVector is called before initialization[32m 2[2mms[22m[39m
 [32mΓ£ô[39m tests/EmbeddingService.test.ts[2m > [22mEmbeddingService[2m > [22mprepends "query: " for E5 models during vector creation[32m 2[2mms[22m[39m
 [32mΓ£ô[39m tests/EmbeddingService.test.ts[2m > [22mEmbeddingService[2m > [22mdoes not prepend "query: " for non-E5 models[32m 3[2mms[22m[39m
 [32mΓ£ô[39m tests/EmbeddingService.test.ts[2m > [22mEmbeddingService[2m > [22mreturns current dimension from getDim[32m 0[2mms[22m[39m
 [32mΓ£ô[39m tests/EmbeddingService.test.ts[2m > [22mEmbeddingService[2m > [22mcounts tokens using the tokenizer[32m 0[2mms[22m[39m
 [32mΓ£ô[39m tests/EmbeddingService.test.ts[2m > [22mEmbeddingService[2m > [22minitializes if tokenizer is not present when counting tokens[32m 1[2mms[22m[39m
 [32mΓ£ô[39m tests/MemoryConsolidator.test.ts[2m > [22mDefaultConsolidator[2m > [22mconcatenates strings with a separator[32m 1[2mms[22m[39m
 [32mΓ£ô[39m tests/MemoryConsolidator.test.ts[2m > [22mDefaultConsolidator[2m > [22mtruncates if result exceeds maxLen[32m 0[2mms[22m[39m
 [32mΓ£ô[39m tests/MemoryConsolidator.test.ts[2m > [22mLLMConsolidator[2m > [22mreturns consolidated text from LLM[32m 3[2mms[22m[39m
 [32mΓ£ô[39m tests/MemoryConsolidator.test.ts[2m > [22mLLMConsolidator[2m > [22mfalls back to concatenation if API fails[32m 7[2mms[22m[39m
{"level":30,"time":1773505078611,"pid":296348,"hostname":"CreationStation","reqId":"req-1","req":{"method":"POST","url":"/v1/chat/completions","host":"localhost:80","remoteAddress":"127.0.0.1"},"msg":"incoming request"}
{"level":30,"time":1773505078617,"pid":296348,"hostname":"CreationStation","reqId":"req-1","res":{"statusCode":200},"responseTime":5.126300007104874,"msg":"request completed"}
{"level":30,"time":1773505078619,"pid":296348,"hostname":"CreationStation","reqId":"req-2","req":{"method":"POST","url":"/v1/chat/completions","host":"localhost:80","remoteAddress":"127.0.0.1"},"msg":"incoming request"}
{"level":30,"time":1773505078621,"pid":296348,"hostname":"CreationStation","reqId":"req-2","res":{"statusCode":200},"responseTime":1.6479000002145767,"msg":"request completed"}
 [32mΓ£ô[39m tests/openai-proxy.test.ts[2m > [22mOpenAI Proxy (Fidelity Streaming Integration)[2m > [22mcaptures store_memory tool calls during a real stream[32m 18[2mms[22m[39m
 [32mΓ£ô[39m tests/openai-proxy.test.ts[2m > [22mOpenAI Proxy (Fidelity Streaming Integration)[2m > [22mexcludes memories that overlap significantly (Jaccard > 0.6) with recent message history[32m 3[2mms[22m[39m
 [32mΓ£ô[39m tests/index.test.ts[2m > [22mNeural Nexus Plugin (OpenClaw Adapter)[2m > [22mregisters tool, service and event listener[32m 3[2mms[22m[39m
 [32mΓ£ô[39m tests/index.test.ts[2m > [22mNeural Nexus Plugin (OpenClaw Adapter)[2m > [22mmemory_recall tool[2m > [22mexecutes recall successfully[32m 1[2mms[22m[39m
 [32mΓ£ô[39m tests/index.test.ts[2m > [22mNeural Nexus Plugin (OpenClaw Adapter)[2m > [22mmemory_recall tool[2m > [22mrejects empty query[32m 1[2mms[22m[39m
 [32mΓ£ô[39m tests/index.test.ts[2m > [22mNeural Nexus Plugin (OpenClaw Adapter)[2m > [22mmemory_store tool[2m > [22mexecutes store successfully[32m 0[2mms[22m[39m
 [32mΓ£ô[39m tests/index.test.ts[2m > [22mNeural Nexus Plugin (OpenClaw Adapter)[2m > [22mauto-capture[2m > [22mcaptures new memory on agent_end[32m 0[2mms[22m[39m
 [32mΓ£ô[39m tests/index.test.ts[2m > [22mNeural Nexus Plugin (OpenClaw Adapter)[2m > [22mservice lifecycle[2m > [22minitializes core on start[32m 0[2mms[22m[39m
 [32mΓ£ô[39m tests/final_safeguards.test.ts[2m > [22mFinal System Safeguards[2m > [22mCore Logic (Issue Log 02 Fixes)[2m > [22mverifies RRF score scale compatibility (Issue 1.1)[32m 2[2mms[22m[39m
 [32mΓ£ô[39m tests/final_safeguards.test.ts[2m > [22mFinal System Safeguards[2m > [22mCore Logic (Issue Log 02 Fixes)[2m > [22mpreserves original semantic score (Issue 2.1)[32m 0[2mms[22m[39m
 [32mΓ£ô[39m tests/final_safeguards.test.ts[2m > [22mFinal System Safeguards[2m > [22mCategorization & Extraction[2m > [22mdetects categories correctly[32m 1[2mms[22m[39m
 [32mΓ£ô[39m tests/final_safeguards.test.ts[2m > [22mFinal System Safeguards[2m > [22mCategorization & Extraction[2m > [22mextracts candidate from messages[32m 0[2mms[22m[39m
 [32mΓ£ô[39m tests/final_safeguards.test.ts[2m > [22mFinal System Safeguards[2m > [22mMulti-tenancy Safeguards[2m > [22menforces userid in search[32m 1[2mms[22m[39m
[90mstdout[2m | tests/actual-integration.test.ts[2m > [22m[2mActual Multi-Container Integration Test
[22m[39mCleaning up and connecting to local Qdrant instance...

 [32mΓ£ô[39m tests/NeuralNexusCore.test.ts[2m > [22mNeuralNexusCore (Mock-less Integration)[2m > [22mstores and recalls a memory without mocks[32m 10[2mms[22m[39m
 [32mΓ£ô[39m tests/NeuralNexusCore.test.ts[2m > [22mNeuralNexusCore (Mock-less Integration)[2m > [22menforces multi-tenancy (privacy) automatically[32m 1[2mms[22m[39m
 [31m├ù[39m tests/NeuralNexusCore.test.ts[2m > [22mNeuralNexusCore (Mock-less Integration)[2m > [22mperforms semantic deduplication (merge) based on similarity[32m 2[2mms[22m[39m
[31m   ΓåÆ Merged memory validation failed: '/strength' must be <= 1[39m
 [32mΓ£ô[39m tests/NeuralNexusCore.test.ts[2m > [22mNeuralNexusCore (Mock-less Integration)[2m > [22mrecalculates embedding vector on merge to prevent semantic drift[32m 1[2mms[22m[39m
 [32mΓ£ô[39m tests/NeuralNexusCore.test.ts[2m > [22mNeuralNexusCore (Mock-less Integration)[2m > [22mfilters results below the recall threshold[32m 0[2mms[22m[39m
{"level":30,"time":1773505078925,"pid":299640,"hostname":"CreationStation","msg":"Neural Nexus Core initialized"}
{"level":30,"time":1773505078926,"pid":299640,"hostname":"CreationStation","reqId":"req-1","req":{"method":"GET","url":"/health","host":"localhost:80","remoteAddress":"127.0.0.1"},"msg":"incoming request"}
{"level":30,"time":1773505078929,"pid":299640,"hostname":"CreationStation","reqId":"req-1","res":{"statusCode":200},"responseTime":2.303600013256073,"msg":"request completed"}
{"level":30,"time":1773505078930,"pid":299640,"hostname":"CreationStation","reqId":"req-2","req":{"method":"POST","url":"/store","host":"localhost:80","remoteAddress":"127.0.0.1"},"msg":"incoming request"}
{"level":30,"time":1773505078932,"pid":299640,"hostname":"CreationStation","reqId":"req-2","res":{"statusCode":201},"responseTime":2.7333000004291534,"msg":"request completed"}
{"level":30,"time":1773505078934,"pid":299640,"hostname":"CreationStation","reqId":"req-3","req":{"method":"POST","url":"/recall","host":"localhost:80","remoteAddress":"127.0.0.1"},"msg":"incoming request"}
{"level":30,"time":1773505078935,"pid":299640,"hostname":"CreationStation","reqId":"req-3","res":{"statusCode":200},"responseTime":0.9078000038862228,"msg":"request completed"}
 [32mΓ£ô[39m tests/server.test.ts[2m > [22mAPI Server (No Mocks Integration)[2m > [22mserver health check[32m 20[2mms[22m[39m
 [32mΓ£ô[39m tests/server.test.ts[2m > [22mAPI Server (No Mocks Integration)[2m > [22mPOST /store actually persists memory in fake database[32m 4[2mms[22m[39m
 [32mΓ£ô[39m tests/server.test.ts[2m > [22mAPI Server (No Mocks Integration)[2m > [22mPOST /recall retrieves data from fake database[32m 2[2mms[22m[39m
 [32mΓ£ô[39m tests/telegram-bot.test.ts[2m > [22mTelegram Bot (No Mocks Integration)[2m > [22mBot registers recall command and successfully interacts with core[32m 4[2mms[22m[39m
 [32mΓ£ô[39m tests/telegram-bot.test.ts[2m > [22mTelegram Bot (No Mocks Integration)[2m > [22mBot text handler stores new memory in fake database[32m 1[2mms[22m[39m
 [32mΓ£ô[39m tests/mcp.test.ts[2m > [22mMCP Server (No Mocks Integration)[2m > [22mMCP list tools returns tool definitions[32m 3[2mms[22m[39m
 [32mΓ£ô[39m tests/mcp.test.ts[2m > [22mMCP Server (No Mocks Integration)[2m > [22mMCP call store_memory actually stores in the fake database[32m 4[2mms[22m[39m
 [32mΓ£ô[39m tests/mcp.test.ts[2m > [22mMCP Server (No Mocks Integration)[2m > [22mMCP call recall_memory actually retrieves from the fake database[32m 1[2mms[22m[39m
 [2m[90mΓåô[39m[22m tests/retrieval_accuracy.test.ts[2m > [22mRetrieval Accuracy & Fusion Math[2m > [22mcorrectly blends semantic and keyword results in hybrid mode
 [2m[90mΓåô[39m[22m tests/retrieval_accuracy.test.ts[2m > [22mRetrieval Accuracy & Fusion Math[2m > [22mmathematical alpha bias works predictably (Vector Focus)
 [2m[90mΓåô[39m[22m tests/retrieval_accuracy.test.ts[2m > [22mRetrieval Accuracy & Fusion Math[2m > [22mmathematical alpha bias works predictably (Keyword Focus)
[90mstdout[2m | tests/actual-integration.test.ts[2m > [22m[2mActual Multi-Container Integration Test
[22m[39mIntegration test complete.

 [2m[90mΓåô[39m[22m tests/actual-integration.test.ts[2m > [22mActual Multi-Container Integration Test[2m > [22mperforms end-to-end store and hybrid recall using actual vector embeddings and Qdrant DB
 [2m[90mΓåô[39m[22m tests/actual-integration.test.ts[2m > [22mActual Multi-Container Integration Test[2m > [22mperforms semantic deduplication against actual database

[2m Test Files [22m [1m[31m3 failed[39m[22m[2m | [22m[1m[32m14 passed[39m[22m[90m (17)[39m
[2m      Tests [22m [1m[31m1 failed[39m[22m[2m | [22m[1m[32m58 passed[39m[22m[2m | [22m[33m5 skipped[39m[90m (64)[39m
[2m   Start at [22m 09:17:58
[2m   Duration [22m 973ms[2m (transform 1.36s, setup 0ms, import 6.37s, tests 656ms, environment 2ms)[22m

